// Jest Snapshot v1, https://goo.gl/fbAQLP

exports[`PRODUCT_LIST_CONTAINER: -------------------------------------- RENDER: ---------------------------------------------------- ProductList 1`] = `
<ProductList
  products={
    Array [
      1,
      2,
      3,
    ]
  }
/>
`;
